<html>
<body>
<pre>
<h1>µVision Build Log</h1>
<h2>Tool Versions:</h2>
IDE-Version: ¦ÌVision V5.27.1.0
Copyright (C) 2019 ARM Ltd and ARM Germany GmbH. All rights reserved.
License Information: prowinter 2277930680@qq.com, prowinter, LIC=Y2B1Q-NR10Q-SGC7K-ZBJGC-XQR6M-BH09S
 
Tool Versions:
Toolchain:       MDK-ARM Professional  Version: 5.34.0.0
Toolchain Path:  D:\Keil\ARM\ARMCC\Bin
C Compiler:      Armcc.exe V5.06 update 7 (build 960)
Assembler:       Armasm.exe V5.06 update 7 (build 960)
Linker/Locator:  ArmLink.exe V5.06 update 7 (build 960)
Library Manager: ArmAr.exe V5.06 update 7 (build 960)
Hex Converter:   FromElf.exe V5.06 update 7 (build 960)
CPU DLL:         SARMCM3.DLL V5.34.0.0
Dialog DLL:      DCM.DLL V1.17.3.0
Target DLL:      CMSIS_AGDI.dll V1.32.13.0
Dialog DLL:      TCM.DLL V1.48.0.0
 
<h2>Project:</h2>
D:\OneDrive\Idea\2022_2_19_Vegetable_Environmental_Monitoring\1.SoftWare\Environmental_Monitoring\MDK-ARM\Environmental_Monitoring.uvprojx
Project File Date:  03/07/2022

<h2>Output:</h2>
*** Using Compiler 'V5.06 update 7 (build 960)', folder: 'D:\Keil\ARM\ARMCC\Bin'
Build target 'Environmental_Monitoring'
compiling main.c...
../Core/Inc/DS18B20.h(36): warning:  #1-D: last line of file ends without a newline
  #endif
../Core/Src/main.c(92): warning:  #177-D: variable "air_temp"  was declared but never referenced
  	float air_temp=0,soil_humi=0;
../Core/Src/main.c(273): warning:  #111-D: statement is unreachable
  	DHT11_Stop();
../Core/Src/main.c: 3 warnings, 0 errors
linking...
Program Size: Code=12936 RO-data=804 RW-data=28 ZI-data=1572  
FromELF: creating hex file...
"Environmental_Monitoring\Environmental_Monitoring.axf" - 0 Error(s), 3 Warning(s).

<h2>Software Packages used:</h2>

Package Vendor: ARM
                http://www.keil.com/pack/ARM.CMSIS.5.8.0.pack
                ARM.CMSIS.5.8.0
                CMSIS (Common Microcontroller Software Interface Standard)
   * Component: CORE Version: 5.5.0

Package Vendor: Keil
                http://www.keil.com/pack/Keil.STM32F1xx_DFP.2.4.0.pack
                Keil.STM32F1xx_DFP.2.4.0
                STMicroelectronics STM32F1 Series Device Support, Drivers and Examples

<h2>Collection of Component include folders:</h2>
  .\RTE\_Environmental_Monitoring
  D:\Keil_pack\ARM\CMSIS\5.8.0\CMSIS\Core\Include
  D:\Keil_pack\Keil\STM32F1xx_DFP\2.4.0\Device\Include

<h2>Collection of Component Files used:</h2>

   * Component: ARM::CMSIS:CORE:5.5.0
      Include file:  CMSIS\Core\Include\tz_context.h
Build Time Elapsed:  00:00:02
</pre>
</body>
</html>
